src/pages/NotificationsPage.tsx(1,31): error TS6133: 'useRef' is declared but its value is never read.
